
  [44;1m INFO [49;22m Test file "Encoding" not found.

